// Jest Snapshot v1, https://goo.gl/fbAQLP

exports[`Header Component matches snapshot in light mode 1`] = `
<View
  className="flex-row gap-3 justify-between items-center px-2 py-3"
>
  <Text
    className="font-body text-2xl italic flex-1 text-blue-600 font-black"
    numberOfLines={1}
  >
    NET WORLD SPORTS Â»
  </Text>
  <View
    accessibilityState={
      {
        "busy": undefined,
        "checked": undefined,
        "disabled": undefined,
        "expanded": undefined,
        "selected": undefined,
      }
    }
    accessibilityValue={
      {
        "max": undefined,
        "min": undefined,
        "now": undefined,
        "text": undefined,
      }
    }
    accessible={true}
    className="group/button flex-row items-center justify-center data-[focus-visible=true]:web:outline-none data-[focus-visible=true]:web:ring-2 data-[disabled=true]:opacity-40 gap-2 border-primary-300 data-[hover=true]:border-primary-400 data-[active=true]:border-primary-500 data-[focus-visible=true]:web:ring-indicator-info h-10 data-[hover=true]:bg-transparent data-[active=true]:bg-transparent p-3 rounded-full bg-black"
    collapsable={false}
    dataSet={
      {
        "active": "false",
        "disabled": "false",
        "focus": "false",
        "focusVisible": "false",
        "hover": "false",
      }
    }
    focusable={true}
    onBlur={[Function]}
    onClick={[Function]}
    onFocus={[Function]}
    onResponderGrant={[Function]}
    onResponderMove={[Function]}
    onResponderRelease={[Function]}
    onResponderTerminate={[Function]}
    onResponderTerminationRequest={[Function]}
    onStartShouldSetResponder={[Function]}
    role="button"
    states={
      {
        "active": false,
        "disabled": undefined,
        "focus": false,
        "focusVisible": false,
        "hover": false,
      }
    }
  >
    <RNSVGSvgView
      align="xMidYMid"
      bbHeight={24}
      bbWidth={24}
      fill="none"
      focusable={false}
      height={24}
      meetOrSlice={0}
      minX={0}
      minY={0}
      role="img"
      states={
        {
          "active": false,
          "disabled": undefined,
          "focus": false,
          "focusVisible": false,
          "hover": false,
        }
      }
      stroke="#FFFFFF"
      strokeLinecap="round"
      strokeLinejoin="round"
      strokeWidth={2}
      style={
        [
          {
            "backgroundColor": "transparent",
            "borderWidth": 0,
          },
          {
            "flex": 0,
            "height": 24,
            "width": 24,
          },
        ]
      }
      vbHeight={24}
      vbWidth={24}
      width={24}
      xmlns="http://www.w3.org/2000/svg"
    >
      <RNSVGGroup
        fill={null}
        propList={
          [
            "fill",
            "stroke",
            "strokeWidth",
            "strokeLinecap",
            "strokeLinejoin",
          ]
        }
        stroke={
          {
            "payload": 4294967295,
            "type": 0,
          }
        }
        strokeLinecap={1}
        strokeLinejoin={1}
        strokeWidth={2}
      >
        <RNSVGPath
          d="M12 3a6 6 0 0 0 9 9 9 9 0 1 1-9-9Z"
          fill={null}
          propList={
            [
              "fill",
              "stroke",
              "strokeWidth",
              "strokeLinecap",
              "strokeLinejoin",
            ]
          }
          stroke={
            {
              "payload": 4294967295,
              "type": 0,
            }
          }
          strokeLinecap={1}
          strokeLinejoin={1}
          strokeWidth={2}
        />
      </RNSVGGroup>
    </RNSVGSvgView>
  </View>
</View>
`;
